<html>
<body>
<pre>
<h1>µVision Build Log</h1>
<h2>Tool Versions:</h2>
IDE-Version: ¦ÌVision V5.14.0.0
Copyright (C) 2015 ARM Ltd and ARM Germany GmbH. All rights reserved.
License Information: 123 AutoBVT, Microsoft, LIC=BL263-ADKG8-NSKYQ-NADDZ-4AUN9-HIDGG
 
Tool Versions:
Toolchain:       MDK-ARM Professional  Version: 5.14.0.0
Toolchain Path:  E:\Keil_v5\ARM\ARMCC\Bin
C Compiler:      Armcc.exe V5.05 update 1 (build 106)
Assembler:       Armasm.exe V5.05 update 1 (build 106)
Linker/Locator:  ArmLink.exe V5.05 update 1 (build 106)
Library Manager: ArmAr.exe V5.05 update 1 (build 106)
Hex Converter:   FromElf.exe V5.05 update 1 (build 106)
CPU DLL:         SARMCM3.DLL V5.14.0.0
Dialog DLL:      DCM.DLL V1.13.1.0
Target DLL:      Segger\JL2CM3.dll V2.99.13.0
Dialog DLL:      TCM.DLL V1.14.4.0
 
<h2>Project:</h2>
F:\sha3\tiny_sha3-master\hash_sha3\USER\LED.uvprojx
Project File Date:  03/01/2020

<h2>Output:</h2>
Rebuild target 'LED'
compiling main.c...
main.c(243): warning:  #1-D: last line of file ends without a newline
  }
main.c: 1 warning, 0 errors
compiling stm32f4xx_it.c...
compiling system_stm32f4xx.c...
system_stm32f4xx.c(564): warning:  #177-D: function "SetSysClock" was declared but never referenced
  static void SetSysClock(void)
system_stm32f4xx.c: 1 warning, 0 errors
compiling sys.c...
compiling sha3.c...
..\FWLIB\src\sha3.c(168): warning:  #177-D: variable "i" was declared but never referenced
        int32_t i;
..\FWLIB\src\sha3.c: 1 warning, 0 errors
assembling startup_stm32f40_41xxx.s...
compiling misc.c...
compiling stm32f4xx_gpio.c...
compiling stm32f4xx_rcc.c...
compiling stm32f4xx_syscfg.c...
compiling sha3.c...
..\FWLIB\src\sha3.c(168): warning:  #177-D: variable "i" was declared but never referenced
        int32_t i;
..\FWLIB\src\sha3.c: 1 warning, 0 errors
linking...
..\OBJ\LED.axf: Warning: L6304W: Duplicate input file ..\obj\sha3_1.o ignored.
Program Size: Code=2496 RO-data=2288 RW-data=8 ZI-data=1024  
Finished: 0 information, 1 warning and 0 error messages.
FromELF: creating hex file...
"..\OBJ\LED.axf" - 0 Error(s), 5 Warning(s).

<h2>Collection of Component include folders:</h2>
  F:\sha3\tiny_sha3-master\hash_sha3\USER\RTE
  E:\Keil_v5\ARM\PACK\Keil\STM32F4xx_DFP\1.0.8\Device\Include

<h2>Collection of Component Files used:</h2>
</pre>
</body>
</html>
